
Discarded input sections

 .group         0x00000000        0xc /tmp/ccVEOgHA.o
 .group         0x00000000        0xc /tmp/ccVEOgHA.o
 .group         0x00000000        0xc /tmp/ccVEOgHA.o
 .group         0x00000000        0xc /tmp/ccVEOgHA.o
 .group         0x00000000        0xc /tmp/ccVEOgHA.o
 .group         0x00000000        0xc /tmp/ccVEOgHA.o
 .group         0x00000000        0xc /tmp/ccVEOgHA.o
 .group         0x00000000        0xc /tmp/ccVEOgHA.o
 .group         0x00000000        0xc /tmp/ccVEOgHA.o
 .group         0x00000000        0xc /tmp/ccVEOgHA.o
 .group         0x00000000        0xc /tmp/ccVEOgHA.o
 .group         0x00000000        0xc /tmp/ccVEOgHA.o
 .group         0x00000000        0xc /tmp/ccVEOgHA.o
 .group         0x00000000        0xc /tmp/ccVEOgHA.o
 .group         0x00000000        0xc /tmp/ccVEOgHA.o
 .group         0x00000000        0xc /tmp/ccVEOgHA.o
 .text          0x00000000        0x0 /tmp/ccVEOgHA.o
 .data          0x00000000        0x0 /tmp/ccVEOgHA.o
 .bss           0x00000000        0x0 /tmp/ccVEOgHA.o

Memory Configuration

Name             Origin             Length             Attributes
flash            0x08000000         0x00080000         xr
sram             0x20000000         0x00020000         xrw
*default*        0x00000000         0xffffffff

Linker script and memory map

LOAD /tmp/ccVEOgHA.o
LOAD /usr/lib/gcc/arm-none-eabi/14.1.0/../../../../arm-none-eabi/lib/thumb/v7e-m+fp/hard/libc_nano.a
LOAD /usr/lib/gcc/arm-none-eabi/14.1.0/thumb/v7e-m+fp/hard/libgcc.a
                0x20020000                        _estack = (ORIGIN (sram) + LENGTH (sram))

.vectors        0x08000000      0x1ac
 *(.vectors)
 .vectors       0x08000000      0x1ac /tmp/ccVEOgHA.o
                0x08000000                _vector_table

.text           0x080001ac       0xa4
 *(.text*)
 .text.app      0x080001ac       0x30 /tmp/ccVEOgHA.o
                0x080001ac                app
 .text.startup.main
                0x080001dc       0x34 /tmp/ccVEOgHA.o
                0x080001dc                main
 .text._reset   0x08000210       0x40 /tmp/ccVEOgHA.o
                0x08000210                _reset

.glue_7         0x08000250        0x0
 .glue_7        0x08000250        0x0 linker stubs

.glue_7t        0x08000250        0x0
 .glue_7t       0x08000250        0x0 linker stubs

.vfp11_veneer   0x08000250        0x0
 .vfp11_veneer  0x08000250        0x0 linker stubs

.v4_bx          0x08000250        0x0
 .v4_bx         0x08000250        0x0 linker stubs

.iplt           0x08000250        0x0
 .iplt          0x08000250        0x0 /tmp/ccVEOgHA.o

.rel.dyn        0x08000250        0x0
 .rel.iplt      0x08000250        0x0 /tmp/ccVEOgHA.o

.rodata
 *(.rodata*)

.data           0x20000000        0x0 load address 0x08000250
                0x20000000                        _sdata = .
 *(.data SORT_BY_NAME(.data.*))
                0x20000000                        _edata = .
                0x08000250                        _sidata = LOADADDR (.data)

.igot.plt       0x20000000        0x0 load address 0x08000250
 .igot.plt      0x20000000        0x0 /tmp/ccVEOgHA.o

.bss            0x20000000        0x0 load address 0x08000250
                0x20000000                        _sbss = .
 *(.bss SORT_BY_NAME(.bss.*) COMMON)
                0x20000000                        _ebss = .
OUTPUT(firmware.elf elf32-littlearm)
LOAD linker stubs

.debug_info     0x00000000      0x5a8
 .debug_info    0x00000000      0x5a8 /tmp/ccVEOgHA.o

.debug_abbrev   0x00000000      0x299
 .debug_abbrev  0x00000000      0x299 /tmp/ccVEOgHA.o

.debug_loclists
                0x00000000       0xa5
 .debug_loclists
                0x00000000       0xa5 /tmp/ccVEOgHA.o

.debug_aranges  0x00000000       0x30
 .debug_aranges
                0x00000000       0x30 /tmp/ccVEOgHA.o

.debug_rnglists
                0x00000000       0x37
 .debug_rnglists
                0x00000000       0x37 /tmp/ccVEOgHA.o

.debug_macro    0x00000000     0x176d
 .debug_macro   0x00000000       0xd0 /tmp/ccVEOgHA.o
 .debug_macro   0x000000d0      0xacc /tmp/ccVEOgHA.o
 .debug_macro   0x00000b9c      0x190 /tmp/ccVEOgHA.o
 .debug_macro   0x00000d2c       0x22 /tmp/ccVEOgHA.o
 .debug_macro   0x00000d4e       0x22 /tmp/ccVEOgHA.o
 .debug_macro   0x00000d70       0x5b /tmp/ccVEOgHA.o
 .debug_macro   0x00000dcb       0x2a /tmp/ccVEOgHA.o
 .debug_macro   0x00000df5       0x94 /tmp/ccVEOgHA.o
 .debug_macro   0x00000e89       0x43 /tmp/ccVEOgHA.o
 .debug_macro   0x00000ecc      0x103 /tmp/ccVEOgHA.o
 .debug_macro   0x00000fcf       0x3a /tmp/ccVEOgHA.o
 .debug_macro   0x00001009       0x57 /tmp/ccVEOgHA.o
 .debug_macro   0x00001060       0x6a /tmp/ccVEOgHA.o
 .debug_macro   0x000010ca      0x1df /tmp/ccVEOgHA.o
 .debug_macro   0x000012a9       0x3c /tmp/ccVEOgHA.o
 .debug_macro   0x000012e5      0x460 /tmp/ccVEOgHA.o
 .debug_macro   0x00001745       0x28 /tmp/ccVEOgHA.o

.debug_line     0x00000000      0x329
 .debug_line    0x00000000      0x329 /tmp/ccVEOgHA.o

.debug_str      0x00000000     0x5543
 .debug_str     0x00000000     0x5543 /tmp/ccVEOgHA.o
                               0x573b (size before relaxing)

.comment        0x00000000       0x23
 .comment       0x00000000       0x23 /tmp/ccVEOgHA.o
                                 0x24 (size before relaxing)

.ARM.attributes
                0x00000000       0x34
 .ARM.attributes
                0x00000000       0x34 /tmp/ccVEOgHA.o

.debug_frame    0x00000000       0x48
 .debug_frame   0x00000000       0x48 /tmp/ccVEOgHA.o
